------------------------------------------------------------
TimeQuest Timing Analyzer Summary
------------------------------------------------------------

Type  : Slow 1100mV 85C Model Setup 'pll|hdmi_tx_pll_inst|altera_pll_i|general[0].gpll~PLL_OUTPUT_COUNTER|divclk'
Slack : -8.804
TNS   : -1498.289

Type  : Slow 1100mV 85C Model Setup 'pll|hdmi_tx_pll_inst|altera_pll_i|general[1].gpll~PLL_OUTPUT_COUNTER|divclk'
Slack : -8.708
TNS   : -425.928

Type  : Slow 1100mV 85C Model Setup 'fpga_lpddr2_inst|fpga_lpddr2_inst|pll0|pll5~PLL_OUTPUT_COUNTER|divclk'
Slack : -7.308
TNS   : -110.654

Type  : Slow 1100mV 85C Model Setup 'fpga_lpddr2_inst|fpga_lpddr2_inst|pll0|pll1~PLL_OUTPUT_COUNTER|divclk'
Slack : 0.089
TNS   : 0.000

Type  : Slow 1100mV 85C Model Setup 'fpga_lpddr2_inst|fpga_lpddr2_inst|pll0|pll6_phy~PLL_OUTPUT_COUNTER|divclk'
Slack : 0.469
TNS   : 0.000

Type  : Slow 1100mV 85C Model Setup 'fpga_lpddr2_inst|fpga_lpddr2_inst|pll0|pll6~PLL_OUTPUT_COUNTER|divclk'
Slack : 2.046
TNS   : 0.000

Type  : Slow 1100mV 85C Model Setup 'altera_reserved_tck'
Slack : 10.221
TNS   : 0.000

Type  : Slow 1100mV 85C Model Setup 'CLOCK_50_B6A'
Slack : 13.232
TNS   : 0.000

Type  : Slow 1100mV 85C Model Setup 'CLOCK_50_B5B'
Slack : 13.723
TNS   : 0.000

Type  : Slow 1100mV 85C Model Setup 'fpga_lpddr2_inst|fpga_lpddr2_inst|pll0|pll7~PLL_OUTPUT_COUNTER|divclk'
Slack : 15.017
TNS   : 0.000

Type  : Slow 1100mV 85C Model Hold 'fpga_lpddr2_inst|fpga_lpddr2_inst|pll0|pll1~PLL_OUTPUT_COUNTER|divclk'
Slack : 0.160
TNS   : 0.000

Type  : Slow 1100mV 85C Model Hold 'altera_reserved_tck'
Slack : 0.179
TNS   : 0.000

Type  : Slow 1100mV 85C Model Hold 'CLOCK_50_B5B'
Slack : 0.246
TNS   : 0.000

Type  : Slow 1100mV 85C Model Hold 'pll|hdmi_tx_pll_inst|altera_pll_i|general[1].gpll~PLL_OUTPUT_COUNTER|divclk'
Slack : 0.249
TNS   : 0.000

Type  : Slow 1100mV 85C Model Hold 'fpga_lpddr2_inst|fpga_lpddr2_inst|pll0|pll5~PLL_OUTPUT_COUNTER|divclk'
Slack : 0.259
TNS   : 0.000

Type  : Slow 1100mV 85C Model Hold 'pll|hdmi_tx_pll_inst|altera_pll_i|general[0].gpll~PLL_OUTPUT_COUNTER|divclk'
Slack : 0.259
TNS   : 0.000

Type  : Slow 1100mV 85C Model Hold 'fpga_lpddr2_inst|fpga_lpddr2_inst|pll0|pll6~PLL_OUTPUT_COUNTER|divclk'
Slack : 0.270
TNS   : 0.000

Type  : Slow 1100mV 85C Model Hold 'fpga_lpddr2_inst|fpga_lpddr2_inst|pll0|pll7~PLL_OUTPUT_COUNTER|divclk'
Slack : 0.270
TNS   : 0.000

Type  : Slow 1100mV 85C Model Hold 'CLOCK_50_B6A'
Slack : 0.414
TNS   : 0.000

Type  : Slow 1100mV 85C Model Hold 'fpga_lpddr2_inst|fpga_lpddr2_inst|pll0|pll6_phy~PLL_OUTPUT_COUNTER|divclk'
Slack : 0.484
TNS   : 0.000

Type  : Slow 1100mV 85C Model Recovery 'pll|hdmi_tx_pll_inst|altera_pll_i|general[0].gpll~PLL_OUTPUT_COUNTER|divclk'
Slack : -7.956
TNS   : -802.036

Type  : Slow 1100mV 85C Model Recovery 'pll|hdmi_tx_pll_inst|altera_pll_i|general[1].gpll~PLL_OUTPUT_COUNTER|divclk'
Slack : -7.482
TNS   : -231.567

Type  : Slow 1100mV 85C Model Recovery 'fpga_lpddr2_inst|fpga_lpddr2_inst|pll0|pll1~PLL_OUTPUT_COUNTER|divclk'
Slack : -5.765
TNS   : -32.312

Type  : Slow 1100mV 85C Model Recovery 'fpga_lpddr2_inst|fpga_lpddr2_inst|pll0|pll5~PLL_OUTPUT_COUNTER|divclk'
Slack : -4.431
TNS   : -121.401

Type  : Slow 1100mV 85C Model Recovery 'fpga_lpddr2_inst|fpga_lpddr2_inst|pll0|pll6~PLL_OUTPUT_COUNTER|divclk'
Slack : -3.085
TNS   : -5.998

Type  : Slow 1100mV 85C Model Recovery 'fpga_lpddr2_inst|fpga_lpddr2_inst|pll0|pll7~PLL_OUTPUT_COUNTER|divclk'
Slack : -1.726
TNS   : -25.852

Type  : Slow 1100mV 85C Model Recovery 'fpga_lpddr2_inst|fpga_lpddr2_inst|pll0|pll6_phy~PLL_OUTPUT_COUNTER|divclk'
Slack : 10.752
TNS   : 0.000

Type  : Slow 1100mV 85C Model Recovery 'altera_reserved_tck'
Slack : 27.658
TNS   : 0.000

Type  : Slow 1100mV 85C Model Removal 'fpga_lpddr2_inst|fpga_lpddr2_inst|pll0|pll6_phy~PLL_OUTPUT_COUNTER|divclk'
Slack : -0.008
TNS   : -0.060

Type  : Slow 1100mV 85C Model Removal 'fpga_lpddr2_inst|fpga_lpddr2_inst|pll0|pll5~PLL_OUTPUT_COUNTER|divclk'
Slack : 0.692
TNS   : 0.000

Type  : Slow 1100mV 85C Model Removal 'fpga_lpddr2_inst|fpga_lpddr2_inst|pll0|pll6~PLL_OUTPUT_COUNTER|divclk'
Slack : 0.710
TNS   : 0.000

Type  : Slow 1100mV 85C Model Removal 'fpga_lpddr2_inst|fpga_lpddr2_inst|pll0|pll7~PLL_OUTPUT_COUNTER|divclk'
Slack : 0.733
TNS   : 0.000

Type  : Slow 1100mV 85C Model Removal 'pll|hdmi_tx_pll_inst|altera_pll_i|general[0].gpll~PLL_OUTPUT_COUNTER|divclk'
Slack : 0.814
TNS   : 0.000

Type  : Slow 1100mV 85C Model Removal 'fpga_lpddr2_inst|fpga_lpddr2_inst|pll0|pll1~PLL_OUTPUT_COUNTER|divclk'
Slack : 0.958
TNS   : 0.000

Type  : Slow 1100mV 85C Model Removal 'altera_reserved_tck'
Slack : 1.103
TNS   : 0.000

Type  : Slow 1100mV 85C Model Removal 'pll|hdmi_tx_pll_inst|altera_pll_i|general[1].gpll~PLL_OUTPUT_COUNTER|divclk'
Slack : 1.136
TNS   : 0.000

Type  : Slow 1100mV 85C Model Minimum Pulse Width 'fpga_lpddr2_inst|fpga_lpddr2_inst|pll0|pll1~FRACTIONAL_PLL|vcoph[0]'
Slack : 0.757
TNS   : 0.000

Type  : Slow 1100mV 85C Model Minimum Pulse Width 'fpga_lpddr2_inst|fpga_lpddr2_inst|pll0|pll1~PLL_OUTPUT_COUNTER|divclk'
Slack : 0.757
TNS   : 0.000

Type  : Slow 1100mV 85C Model Minimum Pulse Width 'fpga_lpddr2_inst|fpga_lpddr2_inst|pll0|pll3~PLL_OUTPUT_COUNTER|divclk'
Slack : 0.810
TNS   : 0.000

Type  : Slow 1100mV 85C Model Minimum Pulse Width 'pll|hdmi_tx_pll_inst|altera_pll_i|general[0].gpll~FRACTIONAL_PLL|vcoph[0]'
Slack : 0.841
TNS   : 0.000

Type  : Slow 1100mV 85C Model Minimum Pulse Width 'pll|hdmi_tx_pll_inst|altera_pll_i|general[1].gpll~PLL_OUTPUT_COUNTER|divclk'
Slack : 0.958
TNS   : 0.000

Type  : Slow 1100mV 85C Model Minimum Pulse Width 'fpga_lpddr2_inst|fpga_lpddr2_inst|fpga_lpddr2_p0_sampling_clock'
Slack : 1.512
TNS   : 0.000

Type  : Slow 1100mV 85C Model Minimum Pulse Width 'pll|hdmi_tx_pll_inst|altera_pll_i|general[0].gpll~PLL_OUTPUT_COUNTER|divclk'
Slack : 1.924
TNS   : 0.000

Type  : Slow 1100mV 85C Model Minimum Pulse Width 'fpga_lpddr2_inst|fpga_lpddr2_inst|pll0|pll5~PLL_OUTPUT_COUNTER|divclk'
Slack : 2.268
TNS   : 0.000

Type  : Slow 1100mV 85C Model Minimum Pulse Width 'fpga_lpddr2_inst|fpga_lpddr2_inst|pll0|pll6~PLL_OUTPUT_COUNTER|divclk'
Slack : 6.170
TNS   : 0.000

Type  : Slow 1100mV 85C Model Minimum Pulse Width 'fpga_lpddr2_inst|fpga_lpddr2_inst|pll0|pll6_phy~PLL_OUTPUT_COUNTER|divclk'
Slack : 7.541
TNS   : 0.000

Type  : Slow 1100mV 85C Model Minimum Pulse Width 'CLOCK_50_B5B'
Slack : 9.044
TNS   : 0.000

Type  : Slow 1100mV 85C Model Minimum Pulse Width 'CLOCK_50_B6A'
Slack : 9.209
TNS   : 0.000

Type  : Slow 1100mV 85C Model Minimum Pulse Width 'altera_reserved_tck'
Slack : 14.907
TNS   : 0.000

Type  : Slow 1100mV 85C Model Minimum Pulse Width 'fpga_lpddr2_inst|fpga_lpddr2_inst|pll0|pll7~PLL_OUTPUT_COUNTER|divclk'
Slack : 21.773
TNS   : 0.000

Type  : Slow 1100mV 0C Model Setup 'pll|hdmi_tx_pll_inst|altera_pll_i|general[0].gpll~PLL_OUTPUT_COUNTER|divclk'
Slack : -8.914
TNS   : -1451.572

Type  : Slow 1100mV 0C Model Setup 'pll|hdmi_tx_pll_inst|altera_pll_i|general[1].gpll~PLL_OUTPUT_COUNTER|divclk'
Slack : -8.646
TNS   : -423.021

Type  : Slow 1100mV 0C Model Setup 'fpga_lpddr2_inst|fpga_lpddr2_inst|pll0|pll5~PLL_OUTPUT_COUNTER|divclk'
Slack : -6.961
TNS   : -101.402

Type  : Slow 1100mV 0C Model Setup 'fpga_lpddr2_inst|fpga_lpddr2_inst|pll0|pll1~PLL_OUTPUT_COUNTER|divclk'
Slack : 0.158
TNS   : 0.000

Type  : Slow 1100mV 0C Model Setup 'fpga_lpddr2_inst|fpga_lpddr2_inst|pll0|pll6_phy~PLL_OUTPUT_COUNTER|divclk'
Slack : 0.571
TNS   : 0.000

Type  : Slow 1100mV 0C Model Setup 'fpga_lpddr2_inst|fpga_lpddr2_inst|pll0|pll6~PLL_OUTPUT_COUNTER|divclk'
Slack : 2.166
TNS   : 0.000

Type  : Slow 1100mV 0C Model Setup 'altera_reserved_tck'
Slack : 10.331
TNS   : 0.000

Type  : Slow 1100mV 0C Model Setup 'CLOCK_50_B6A'
Slack : 13.285
TNS   : 0.000

Type  : Slow 1100mV 0C Model Setup 'CLOCK_50_B5B'
Slack : 13.630
TNS   : 0.000

Type  : Slow 1100mV 0C Model Setup 'fpga_lpddr2_inst|fpga_lpddr2_inst|pll0|pll7~PLL_OUTPUT_COUNTER|divclk'
Slack : 14.789
TNS   : 0.000

Type  : Slow 1100mV 0C Model Hold 'pll|hdmi_tx_pll_inst|altera_pll_i|general[1].gpll~PLL_OUTPUT_COUNTER|divclk'
Slack : 0.103
TNS   : 0.000

Type  : Slow 1100mV 0C Model Hold 'fpga_lpddr2_inst|fpga_lpddr2_inst|pll0|pll5~PLL_OUTPUT_COUNTER|divclk'
Slack : 0.119
TNS   : 0.000

Type  : Slow 1100mV 0C Model Hold 'altera_reserved_tck'
Slack : 0.166
TNS   : 0.000

Type  : Slow 1100mV 0C Model Hold 'fpga_lpddr2_inst|fpga_lpddr2_inst|pll0|pll1~PLL_OUTPUT_COUNTER|divclk'
Slack : 0.210
TNS   : 0.000

Type  : Slow 1100mV 0C Model Hold 'CLOCK_50_B5B'
Slack : 0.232
TNS   : 0.000

Type  : Slow 1100mV 0C Model Hold 'pll|hdmi_tx_pll_inst|altera_pll_i|general[0].gpll~PLL_OUTPUT_COUNTER|divclk'
Slack : 0.248
TNS   : 0.000

Type  : Slow 1100mV 0C Model Hold 'fpga_lpddr2_inst|fpga_lpddr2_inst|pll0|pll7~PLL_OUTPUT_COUNTER|divclk'
Slack : 0.255
TNS   : 0.000

Type  : Slow 1100mV 0C Model Hold 'fpga_lpddr2_inst|fpga_lpddr2_inst|pll0|pll6~PLL_OUTPUT_COUNTER|divclk'
Slack : 0.262
TNS   : 0.000

Type  : Slow 1100mV 0C Model Hold 'CLOCK_50_B6A'
Slack : 0.429
TNS   : 0.000

Type  : Slow 1100mV 0C Model Hold 'fpga_lpddr2_inst|fpga_lpddr2_inst|pll0|pll6_phy~PLL_OUTPUT_COUNTER|divclk'
Slack : 0.502
TNS   : 0.000

Type  : Slow 1100mV 0C Model Recovery 'pll|hdmi_tx_pll_inst|altera_pll_i|general[0].gpll~PLL_OUTPUT_COUNTER|divclk'
Slack : -7.997
TNS   : -807.364

Type  : Slow 1100mV 0C Model Recovery 'pll|hdmi_tx_pll_inst|altera_pll_i|general[1].gpll~PLL_OUTPUT_COUNTER|divclk'
Slack : -7.575
TNS   : -233.591

Type  : Slow 1100mV 0C Model Recovery 'fpga_lpddr2_inst|fpga_lpddr2_inst|pll0|pll1~PLL_OUTPUT_COUNTER|divclk'
Slack : -5.448
TNS   : -30.276

Type  : Slow 1100mV 0C Model Recovery 'fpga_lpddr2_inst|fpga_lpddr2_inst|pll0|pll5~PLL_OUTPUT_COUNTER|divclk'
Slack : -4.101
TNS   : -111.831

Type  : Slow 1100mV 0C Model Recovery 'fpga_lpddr2_inst|fpga_lpddr2_inst|pll0|pll6~PLL_OUTPUT_COUNTER|divclk'
Slack : -2.827
TNS   : -5.500

Type  : Slow 1100mV 0C Model Recovery 'fpga_lpddr2_inst|fpga_lpddr2_inst|pll0|pll7~PLL_OUTPUT_COUNTER|divclk'
Slack : -1.490
TNS   : -22.306

Type  : Slow 1100mV 0C Model Recovery 'fpga_lpddr2_inst|fpga_lpddr2_inst|pll0|pll6_phy~PLL_OUTPUT_COUNTER|divclk'
Slack : 10.990
TNS   : 0.000

Type  : Slow 1100mV 0C Model Recovery 'altera_reserved_tck'
Slack : 27.939
TNS   : 0.000

Type  : Slow 1100mV 0C Model Removal 'fpga_lpddr2_inst|fpga_lpddr2_inst|pll0|pll6_phy~PLL_OUTPUT_COUNTER|divclk'
Slack : 0.048
TNS   : 0.000

Type  : Slow 1100mV 0C Model Removal 'fpga_lpddr2_inst|fpga_lpddr2_inst|pll0|pll5~PLL_OUTPUT_COUNTER|divclk'
Slack : 0.319
TNS   : 0.000

Type  : Slow 1100mV 0C Model Removal 'fpga_lpddr2_inst|fpga_lpddr2_inst|pll0|pll6~PLL_OUTPUT_COUNTER|divclk'
Slack : 0.595
TNS   : 0.000

Type  : Slow 1100mV 0C Model Removal 'fpga_lpddr2_inst|fpga_lpddr2_inst|pll0|pll1~PLL_OUTPUT_COUNTER|divclk'
Slack : 0.596
TNS   : 0.000

Type  : Slow 1100mV 0C Model Removal 'fpga_lpddr2_inst|fpga_lpddr2_inst|pll0|pll7~PLL_OUTPUT_COUNTER|divclk'
Slack : 0.609
TNS   : 0.000

Type  : Slow 1100mV 0C Model Removal 'altera_reserved_tck'
Slack : 0.998
TNS   : 0.000

Type  : Slow 1100mV 0C Model Removal 'pll|hdmi_tx_pll_inst|altera_pll_i|general[0].gpll~PLL_OUTPUT_COUNTER|divclk'
Slack : 1.091
TNS   : 0.000

Type  : Slow 1100mV 0C Model Removal 'pll|hdmi_tx_pll_inst|altera_pll_i|general[1].gpll~PLL_OUTPUT_COUNTER|divclk'
Slack : 1.326
TNS   : 0.000

Type  : Slow 1100mV 0C Model Minimum Pulse Width 'fpga_lpddr2_inst|fpga_lpddr2_inst|pll0|pll1~PLL_OUTPUT_COUNTER|divclk'
Slack : 0.666
TNS   : 0.000

Type  : Slow 1100mV 0C Model Minimum Pulse Width 'fpga_lpddr2_inst|fpga_lpddr2_inst|pll0|pll1~FRACTIONAL_PLL|vcoph[0]'
Slack : 0.757
TNS   : 0.000

Type  : Slow 1100mV 0C Model Minimum Pulse Width 'fpga_lpddr2_inst|fpga_lpddr2_inst|pll0|pll3~PLL_OUTPUT_COUNTER|divclk'
Slack : 0.818
TNS   : 0.000

Type  : Slow 1100mV 0C Model Minimum Pulse Width 'pll|hdmi_tx_pll_inst|altera_pll_i|general[0].gpll~FRACTIONAL_PLL|vcoph[0]'
Slack : 0.841
TNS   : 0.000

Type  : Slow 1100mV 0C Model Minimum Pulse Width 'pll|hdmi_tx_pll_inst|altera_pll_i|general[1].gpll~PLL_OUTPUT_COUNTER|divclk'
Slack : 0.878
TNS   : 0.000

Type  : Slow 1100mV 0C Model Minimum Pulse Width 'fpga_lpddr2_inst|fpga_lpddr2_inst|fpga_lpddr2_p0_sampling_clock'
Slack : 1.510
TNS   : 0.000

Type  : Slow 1100mV 0C Model Minimum Pulse Width 'pll|hdmi_tx_pll_inst|altera_pll_i|general[0].gpll~PLL_OUTPUT_COUNTER|divclk'
Slack : 1.883
TNS   : 0.000

Type  : Slow 1100mV 0C Model Minimum Pulse Width 'fpga_lpddr2_inst|fpga_lpddr2_inst|pll0|pll5~PLL_OUTPUT_COUNTER|divclk'
Slack : 2.181
TNS   : 0.000

Type  : Slow 1100mV 0C Model Minimum Pulse Width 'fpga_lpddr2_inst|fpga_lpddr2_inst|pll0|pll6~PLL_OUTPUT_COUNTER|divclk'
Slack : 6.127
TNS   : 0.000

Type  : Slow 1100mV 0C Model Minimum Pulse Width 'fpga_lpddr2_inst|fpga_lpddr2_inst|pll0|pll6_phy~PLL_OUTPUT_COUNTER|divclk'
Slack : 7.543
TNS   : 0.000

Type  : Slow 1100mV 0C Model Minimum Pulse Width 'CLOCK_50_B5B'
Slack : 9.034
TNS   : 0.000

Type  : Slow 1100mV 0C Model Minimum Pulse Width 'CLOCK_50_B6A'
Slack : 9.303
TNS   : 0.000

Type  : Slow 1100mV 0C Model Minimum Pulse Width 'altera_reserved_tck'
Slack : 14.892
TNS   : 0.000

Type  : Slow 1100mV 0C Model Minimum Pulse Width 'fpga_lpddr2_inst|fpga_lpddr2_inst|pll0|pll7~PLL_OUTPUT_COUNTER|divclk'
Slack : 21.767
TNS   : 0.000

Type  : Fast 1100mV 85C Model Setup 'pll|hdmi_tx_pll_inst|altera_pll_i|general[1].gpll~PLL_OUTPUT_COUNTER|divclk'
Slack : -4.788
TNS   : -206.940

Type  : Fast 1100mV 85C Model Setup 'pll|hdmi_tx_pll_inst|altera_pll_i|general[0].gpll~PLL_OUTPUT_COUNTER|divclk'
Slack : -4.385
TNS   : -669.404

Type  : Fast 1100mV 85C Model Setup 'fpga_lpddr2_inst|fpga_lpddr2_inst|pll0|pll5~PLL_OUTPUT_COUNTER|divclk'
Slack : -3.685
TNS   : -64.970

Type  : Fast 1100mV 85C Model Setup 'fpga_lpddr2_inst|fpga_lpddr2_inst|pll0|pll1~PLL_OUTPUT_COUNTER|divclk'
Slack : 1.375
TNS   : 0.000

Type  : Fast 1100mV 85C Model Setup 'fpga_lpddr2_inst|fpga_lpddr2_inst|pll0|pll6_phy~PLL_OUTPUT_COUNTER|divclk'
Slack : 1.529
TNS   : 0.000

Type  : Fast 1100mV 85C Model Setup 'fpga_lpddr2_inst|fpga_lpddr2_inst|pll0|pll6~PLL_OUTPUT_COUNTER|divclk'
Slack : 8.538
TNS   : 0.000

Type  : Fast 1100mV 85C Model Setup 'altera_reserved_tck'
Slack : 13.695
TNS   : 0.000

Type  : Fast 1100mV 85C Model Setup 'CLOCK_50_B6A'
Slack : 16.444
TNS   : 0.000

Type  : Fast 1100mV 85C Model Setup 'CLOCK_50_B5B'
Slack : 16.832
TNS   : 0.000

Type  : Fast 1100mV 85C Model Setup 'fpga_lpddr2_inst|fpga_lpddr2_inst|pll0|pll7~PLL_OUTPUT_COUNTER|divclk'
Slack : 18.691
TNS   : 0.000

Type  : Fast 1100mV 85C Model Hold 'altera_reserved_tck'
Slack : 0.034
TNS   : 0.000

Type  : Fast 1100mV 85C Model Hold 'pll|hdmi_tx_pll_inst|altera_pll_i|general[1].gpll~PLL_OUTPUT_COUNTER|divclk'
Slack : 0.099
TNS   : 0.000

Type  : Fast 1100mV 85C Model Hold 'CLOCK_50_B5B'
Slack : 0.130
TNS   : 0.000

Type  : Fast 1100mV 85C Model Hold 'fpga_lpddr2_inst|fpga_lpddr2_inst|pll0|pll7~PLL_OUTPUT_COUNTER|divclk'
Slack : 0.136
TNS   : 0.000

Type  : Fast 1100mV 85C Model Hold 'pll|hdmi_tx_pll_inst|altera_pll_i|general[0].gpll~PLL_OUTPUT_COUNTER|divclk'
Slack : 0.136
TNS   : 0.000

Type  : Fast 1100mV 85C Model Hold 'fpga_lpddr2_inst|fpga_lpddr2_inst|pll0|pll6~PLL_OUTPUT_COUNTER|divclk'
Slack : 0.139
TNS   : 0.000

Type  : Fast 1100mV 85C Model Hold 'fpga_lpddr2_inst|fpga_lpddr2_inst|pll0|pll5~PLL_OUTPUT_COUNTER|divclk'
Slack : 0.143
TNS   : 0.000

Type  : Fast 1100mV 85C Model Hold 'CLOCK_50_B6A'
Slack : 0.181
TNS   : 0.000

Type  : Fast 1100mV 85C Model Hold 'fpga_lpddr2_inst|fpga_lpddr2_inst|pll0|pll1~PLL_OUTPUT_COUNTER|divclk'
Slack : 0.183
TNS   : 0.000

Type  : Fast 1100mV 85C Model Hold 'fpga_lpddr2_inst|fpga_lpddr2_inst|pll0|pll6_phy~PLL_OUTPUT_COUNTER|divclk'
Slack : 0.370
TNS   : 0.000

Type  : Fast 1100mV 85C Model Recovery 'pll|hdmi_tx_pll_inst|altera_pll_i|general[0].gpll~PLL_OUTPUT_COUNTER|divclk'
Slack : -3.976
TNS   : -391.540

Type  : Fast 1100mV 85C Model Recovery 'pll|hdmi_tx_pll_inst|altera_pll_i|general[1].gpll~PLL_OUTPUT_COUNTER|divclk'
Slack : -3.743
TNS   : -115.619

Type  : Fast 1100mV 85C Model Recovery 'fpga_lpddr2_inst|fpga_lpddr2_inst|pll0|pll1~PLL_OUTPUT_COUNTER|divclk'
Slack : -3.151
TNS   : -17.569

Type  : Fast 1100mV 85C Model Recovery 'fpga_lpddr2_inst|fpga_lpddr2_inst|pll0|pll5~PLL_OUTPUT_COUNTER|divclk'
Slack : -2.568
TNS   : -72.405

Type  : Fast 1100mV 85C Model Recovery 'fpga_lpddr2_inst|fpga_lpddr2_inst|pll0|pll6~PLL_OUTPUT_COUNTER|divclk'
Slack : -1.942
TNS   : -3.747

Type  : Fast 1100mV 85C Model Recovery 'fpga_lpddr2_inst|fpga_lpddr2_inst|pll0|pll7~PLL_OUTPUT_COUNTER|divclk'
Slack : -0.538
TNS   : -8.050

Type  : Fast 1100mV 85C Model Recovery 'fpga_lpddr2_inst|fpga_lpddr2_inst|pll0|pll6_phy~PLL_OUTPUT_COUNTER|divclk'
Slack : 12.945
TNS   : 0.000

Type  : Fast 1100mV 85C Model Recovery 'altera_reserved_tck'
Slack : 29.638
TNS   : 0.000

Type  : Fast 1100mV 85C Model Removal 'fpga_lpddr2_inst|fpga_lpddr2_inst|pll0|pll6_phy~PLL_OUTPUT_COUNTER|divclk'
Slack : 0.277
TNS   : 0.000

Type  : Fast 1100mV 85C Model Removal 'pll|hdmi_tx_pll_inst|altera_pll_i|general[0].gpll~PLL_OUTPUT_COUNTER|divclk'
Slack : 0.361
TNS   : 0.000

Type  : Fast 1100mV 85C Model Removal 'fpga_lpddr2_inst|fpga_lpddr2_inst|pll0|pll1~PLL_OUTPUT_COUNTER|divclk'
Slack : 0.383
TNS   : 0.000

Type  : Fast 1100mV 85C Model Removal 'altera_reserved_tck'
Slack : 0.407
TNS   : 0.000

Type  : Fast 1100mV 85C Model Removal 'fpga_lpddr2_inst|fpga_lpddr2_inst|pll0|pll7~PLL_OUTPUT_COUNTER|divclk'
Slack : 0.479
TNS   : 0.000

Type  : Fast 1100mV 85C Model Removal 'fpga_lpddr2_inst|fpga_lpddr2_inst|pll0|pll6~PLL_OUTPUT_COUNTER|divclk'
Slack : 0.488
TNS   : 0.000

Type  : Fast 1100mV 85C Model Removal 'fpga_lpddr2_inst|fpga_lpddr2_inst|pll0|pll5~PLL_OUTPUT_COUNTER|divclk'
Slack : 0.533
TNS   : 0.000

Type  : Fast 1100mV 85C Model Removal 'pll|hdmi_tx_pll_inst|altera_pll_i|general[1].gpll~PLL_OUTPUT_COUNTER|divclk'
Slack : 0.589
TNS   : 0.000

Type  : Fast 1100mV 85C Model Minimum Pulse Width 'fpga_lpddr2_inst|fpga_lpddr2_inst|pll0|pll1~FRACTIONAL_PLL|vcoph[0]'
Slack : 0.757
TNS   : 0.000

Type  : Fast 1100mV 85C Model Minimum Pulse Width 'pll|hdmi_tx_pll_inst|altera_pll_i|general[0].gpll~FRACTIONAL_PLL|vcoph[0]'
Slack : 0.841
TNS   : 0.000

Type  : Fast 1100mV 85C Model Minimum Pulse Width 'fpga_lpddr2_inst|fpga_lpddr2_inst|pll0|pll1~PLL_OUTPUT_COUNTER|divclk'
Slack : 1.063
TNS   : 0.000

Type  : Fast 1100mV 85C Model Minimum Pulse Width 'fpga_lpddr2_inst|fpga_lpddr2_inst|pll0|pll3~PLL_OUTPUT_COUNTER|divclk'
Slack : 1.149
TNS   : 0.000

Type  : Fast 1100mV 85C Model Minimum Pulse Width 'pll|hdmi_tx_pll_inst|altera_pll_i|general[1].gpll~PLL_OUTPUT_COUNTER|divclk'
Slack : 1.263
TNS   : 0.000

Type  : Fast 1100mV 85C Model Minimum Pulse Width 'fpga_lpddr2_inst|fpga_lpddr2_inst|fpga_lpddr2_p0_sampling_clock'
Slack : 1.514
TNS   : 0.000

Type  : Fast 1100mV 85C Model Minimum Pulse Width 'pll|hdmi_tx_pll_inst|altera_pll_i|general[0].gpll~PLL_OUTPUT_COUNTER|divclk'
Slack : 2.238
TNS   : 0.000

Type  : Fast 1100mV 85C Model Minimum Pulse Width 'fpga_lpddr2_inst|fpga_lpddr2_inst|pll0|pll5~PLL_OUTPUT_COUNTER|divclk'
Slack : 2.567
TNS   : 0.000

Type  : Fast 1100mV 85C Model Minimum Pulse Width 'fpga_lpddr2_inst|fpga_lpddr2_inst|pll0|pll6~PLL_OUTPUT_COUNTER|divclk'
Slack : 6.482
TNS   : 0.000

Type  : Fast 1100mV 85C Model Minimum Pulse Width 'fpga_lpddr2_inst|fpga_lpddr2_inst|pll0|pll6_phy~PLL_OUTPUT_COUNTER|divclk'
Slack : 7.559
TNS   : 0.000

Type  : Fast 1100mV 85C Model Minimum Pulse Width 'CLOCK_50_B5B'
Slack : 8.868
TNS   : 0.000

Type  : Fast 1100mV 85C Model Minimum Pulse Width 'CLOCK_50_B6A'
Slack : 9.091
TNS   : 0.000

Type  : Fast 1100mV 85C Model Minimum Pulse Width 'altera_reserved_tck'
Slack : 14.701
TNS   : 0.000

Type  : Fast 1100mV 85C Model Minimum Pulse Width 'fpga_lpddr2_inst|fpga_lpddr2_inst|pll0|pll7~PLL_OUTPUT_COUNTER|divclk'
Slack : 22.272
TNS   : 0.000

Type  : Fast 1100mV 0C Model Setup 'pll|hdmi_tx_pll_inst|altera_pll_i|general[1].gpll~PLL_OUTPUT_COUNTER|divclk'
Slack : -4.417
TNS   : -197.446

Type  : Fast 1100mV 0C Model Setup 'pll|hdmi_tx_pll_inst|altera_pll_i|general[0].gpll~PLL_OUTPUT_COUNTER|divclk'
Slack : -4.121
TNS   : -626.826

Type  : Fast 1100mV 0C Model Setup 'fpga_lpddr2_inst|fpga_lpddr2_inst|pll0|pll5~PLL_OUTPUT_COUNTER|divclk'
Slack : -3.216
TNS   : -51.458

Type  : Fast 1100mV 0C Model Setup 'fpga_lpddr2_inst|fpga_lpddr2_inst|pll0|pll1~PLL_OUTPUT_COUNTER|divclk'
Slack : 1.461
TNS   : 0.000

Type  : Fast 1100mV 0C Model Setup 'fpga_lpddr2_inst|fpga_lpddr2_inst|pll0|pll6_phy~PLL_OUTPUT_COUNTER|divclk'
Slack : 1.677
TNS   : 0.000

Type  : Fast 1100mV 0C Model Setup 'fpga_lpddr2_inst|fpga_lpddr2_inst|pll0|pll6~PLL_OUTPUT_COUNTER|divclk'
Slack : 9.141
TNS   : 0.000

Type  : Fast 1100mV 0C Model Setup 'altera_reserved_tck'
Slack : 14.127
TNS   : 0.000

Type  : Fast 1100mV 0C Model Setup 'CLOCK_50_B6A'
Slack : 16.789
TNS   : 0.000

Type  : Fast 1100mV 0C Model Setup 'CLOCK_50_B5B'
Slack : 17.086
TNS   : 0.000

Type  : Fast 1100mV 0C Model Setup 'fpga_lpddr2_inst|fpga_lpddr2_inst|pll0|pll7~PLL_OUTPUT_COUNTER|divclk'
Slack : 19.066
TNS   : 0.000

Type  : Fast 1100mV 0C Model Hold 'altera_reserved_tck'
Slack : 0.022
TNS   : 0.000

Type  : Fast 1100mV 0C Model Hold 'pll|hdmi_tx_pll_inst|altera_pll_i|general[1].gpll~PLL_OUTPUT_COUNTER|divclk'
Slack : 0.072
TNS   : 0.000

Type  : Fast 1100mV 0C Model Hold 'fpga_lpddr2_inst|fpga_lpddr2_inst|pll0|pll5~PLL_OUTPUT_COUNTER|divclk'
Slack : 0.083
TNS   : 0.000

Type  : Fast 1100mV 0C Model Hold 'CLOCK_50_B5B'
Slack : 0.115
TNS   : 0.000

Type  : Fast 1100mV 0C Model Hold 'fpga_lpddr2_inst|fpga_lpddr2_inst|pll0|pll7~PLL_OUTPUT_COUNTER|divclk'
Slack : 0.123
TNS   : 0.000

Type  : Fast 1100mV 0C Model Hold 'pll|hdmi_tx_pll_inst|altera_pll_i|general[0].gpll~PLL_OUTPUT_COUNTER|divclk'
Slack : 0.124
TNS   : 0.000

Type  : Fast 1100mV 0C Model Hold 'fpga_lpddr2_inst|fpga_lpddr2_inst|pll0|pll6~PLL_OUTPUT_COUNTER|divclk'
Slack : 0.126
TNS   : 0.000

Type  : Fast 1100mV 0C Model Hold 'CLOCK_50_B6A'
Slack : 0.172
TNS   : 0.000

Type  : Fast 1100mV 0C Model Hold 'fpga_lpddr2_inst|fpga_lpddr2_inst|pll0|pll1~PLL_OUTPUT_COUNTER|divclk'
Slack : 0.219
TNS   : 0.000

Type  : Fast 1100mV 0C Model Hold 'fpga_lpddr2_inst|fpga_lpddr2_inst|pll0|pll6_phy~PLL_OUTPUT_COUNTER|divclk'
Slack : 0.322
TNS   : 0.000

Type  : Fast 1100mV 0C Model Recovery 'pll|hdmi_tx_pll_inst|altera_pll_i|general[0].gpll~PLL_OUTPUT_COUNTER|divclk'
Slack : -3.784
TNS   : -371.784

Type  : Fast 1100mV 0C Model Recovery 'pll|hdmi_tx_pll_inst|altera_pll_i|general[1].gpll~PLL_OUTPUT_COUNTER|divclk'
Slack : -3.622
TNS   : -111.811

Type  : Fast 1100mV 0C Model Recovery 'fpga_lpddr2_inst|fpga_lpddr2_inst|pll0|pll1~PLL_OUTPUT_COUNTER|divclk'
Slack : -2.742
TNS   : -14.979

Type  : Fast 1100mV 0C Model Recovery 'fpga_lpddr2_inst|fpga_lpddr2_inst|pll0|pll5~PLL_OUTPUT_COUNTER|divclk'
Slack : -2.088
TNS   : -56.229

Type  : Fast 1100mV 0C Model Recovery 'fpga_lpddr2_inst|fpga_lpddr2_inst|pll0|pll6~PLL_OUTPUT_COUNTER|divclk'
Slack : -1.552
TNS   : -2.990

Type  : Fast 1100mV 0C Model Recovery 'fpga_lpddr2_inst|fpga_lpddr2_inst|pll0|pll7~PLL_OUTPUT_COUNTER|divclk'
Slack : -0.171
TNS   : -2.545

Type  : Fast 1100mV 0C Model Recovery 'fpga_lpddr2_inst|fpga_lpddr2_inst|pll0|pll6_phy~PLL_OUTPUT_COUNTER|divclk'
Slack : 13.066
TNS   : 0.000

Type  : Fast 1100mV 0C Model Recovery 'altera_reserved_tck'
Slack : 30.071
TNS   : 0.000

Type  : Fast 1100mV 0C Model Removal 'fpga_lpddr2_inst|fpga_lpddr2_inst|pll0|pll1~PLL_OUTPUT_COUNTER|divclk'
Slack : 0.115
TNS   : 0.000

Type  : Fast 1100mV 0C Model Removal 'fpga_lpddr2_inst|fpga_lpddr2_inst|pll0|pll5~PLL_OUTPUT_COUNTER|divclk'
Slack : 0.264
TNS   : 0.000

Type  : Fast 1100mV 0C Model Removal 'fpga_lpddr2_inst|fpga_lpddr2_inst|pll0|pll6_phy~PLL_OUTPUT_COUNTER|divclk'
Slack : 0.272
TNS   : 0.000

Type  : Fast 1100mV 0C Model Removal 'pll|hdmi_tx_pll_inst|altera_pll_i|general[0].gpll~PLL_OUTPUT_COUNTER|divclk'
Slack : 0.325
TNS   : 0.000

Type  : Fast 1100mV 0C Model Removal 'fpga_lpddr2_inst|fpga_lpddr2_inst|pll0|pll7~PLL_OUTPUT_COUNTER|divclk'
Slack : 0.334
TNS   : 0.000

Type  : Fast 1100mV 0C Model Removal 'altera_reserved_tck'
Slack : 0.355
TNS   : 0.000

Type  : Fast 1100mV 0C Model Removal 'fpga_lpddr2_inst|fpga_lpddr2_inst|pll0|pll6~PLL_OUTPUT_COUNTER|divclk'
Slack : 0.399
TNS   : 0.000

Type  : Fast 1100mV 0C Model Removal 'pll|hdmi_tx_pll_inst|altera_pll_i|general[1].gpll~PLL_OUTPUT_COUNTER|divclk'
Slack : 0.611
TNS   : 0.000

Type  : Fast 1100mV 0C Model Minimum Pulse Width 'fpga_lpddr2_inst|fpga_lpddr2_inst|pll0|pll1~FRACTIONAL_PLL|vcoph[0]'
Slack : 0.757
TNS   : 0.000

Type  : Fast 1100mV 0C Model Minimum Pulse Width 'pll|hdmi_tx_pll_inst|altera_pll_i|general[0].gpll~FRACTIONAL_PLL|vcoph[0]'
Slack : 0.841
TNS   : 0.000

Type  : Fast 1100mV 0C Model Minimum Pulse Width 'fpga_lpddr2_inst|fpga_lpddr2_inst|pll0|pll1~PLL_OUTPUT_COUNTER|divclk'
Slack : 1.058
TNS   : 0.000

Type  : Fast 1100mV 0C Model Minimum Pulse Width 'fpga_lpddr2_inst|fpga_lpddr2_inst|pll0|pll3~PLL_OUTPUT_COUNTER|divclk'
Slack : 1.147
TNS   : 0.000

Type  : Fast 1100mV 0C Model Minimum Pulse Width 'pll|hdmi_tx_pll_inst|altera_pll_i|general[1].gpll~PLL_OUTPUT_COUNTER|divclk'
Slack : 1.254
TNS   : 0.000

Type  : Fast 1100mV 0C Model Minimum Pulse Width 'fpga_lpddr2_inst|fpga_lpddr2_inst|fpga_lpddr2_p0_sampling_clock'
Slack : 1.513
TNS   : 0.000

Type  : Fast 1100mV 0C Model Minimum Pulse Width 'pll|hdmi_tx_pll_inst|altera_pll_i|general[0].gpll~PLL_OUTPUT_COUNTER|divclk'
Slack : 2.241
TNS   : 0.000

Type  : Fast 1100mV 0C Model Minimum Pulse Width 'fpga_lpddr2_inst|fpga_lpddr2_inst|pll0|pll5~PLL_OUTPUT_COUNTER|divclk'
Slack : 2.563
TNS   : 0.000

Type  : Fast 1100mV 0C Model Minimum Pulse Width 'fpga_lpddr2_inst|fpga_lpddr2_inst|pll0|pll6~PLL_OUTPUT_COUNTER|divclk'
Slack : 6.478
TNS   : 0.000

Type  : Fast 1100mV 0C Model Minimum Pulse Width 'fpga_lpddr2_inst|fpga_lpddr2_inst|pll0|pll6_phy~PLL_OUTPUT_COUNTER|divclk'
Slack : 7.558
TNS   : 0.000

Type  : Fast 1100mV 0C Model Minimum Pulse Width 'CLOCK_50_B5B'
Slack : 8.809
TNS   : 0.000

Type  : Fast 1100mV 0C Model Minimum Pulse Width 'CLOCK_50_B6A'
Slack : 9.056
TNS   : 0.000

Type  : Fast 1100mV 0C Model Minimum Pulse Width 'altera_reserved_tck'
Slack : 14.690
TNS   : 0.000

Type  : Fast 1100mV 0C Model Minimum Pulse Width 'fpga_lpddr2_inst|fpga_lpddr2_inst|pll0|pll7~PLL_OUTPUT_COUNTER|divclk'
Slack : 22.273
TNS   : 0.000

------------------------------------------------------------
Info: see the "DDR report" for DDR timing results
------------------------------------------------------------
------------------------------------------------------------
