------------------------------------------------------------
TimeQuest Timing Analyzer Summary
------------------------------------------------------------

Type  : Slow 1100mV 85C Model Setup 'pll|hdmi_tx_pll_inst|altera_pll_i|general[1].gpll~PLL_OUTPUT_COUNTER|divclk'
Slack : -8.629
TNS   : -298.411

Type  : Slow 1100mV 85C Model Setup 'pll|hdmi_tx_pll_inst|altera_pll_i|general[0].gpll~PLL_OUTPUT_COUNTER|divclk'
Slack : -8.021
TNS   : -1477.455

Type  : Slow 1100mV 85C Model Setup 'fpga_lpddr2_inst|fpga_lpddr2_inst|pll0|pll5~PLL_OUTPUT_COUNTER|divclk'
Slack : -7.814
TNS   : -32.346

Type  : Slow 1100mV 85C Model Setup 'fpga_lpddr2_inst|fpga_lpddr2_inst|pll0|pll1~PLL_OUTPUT_COUNTER|divclk'
Slack : 0.089
TNS   : 0.000

Type  : Slow 1100mV 85C Model Setup 'fpga_lpddr2_inst|fpga_lpddr2_inst|pll0|pll6_phy~PLL_OUTPUT_COUNTER|divclk'
Slack : 0.469
TNS   : 0.000

Type  : Slow 1100mV 85C Model Setup 'fpga_lpddr2_inst|fpga_lpddr2_inst|pll0|pll6~PLL_OUTPUT_COUNTER|divclk'
Slack : 2.313
TNS   : 0.000

Type  : Slow 1100mV 85C Model Setup 'altera_reserved_tck'
Slack : 9.555
TNS   : 0.000

Type  : Slow 1100mV 85C Model Setup 'CLOCK_50_B6A'
Slack : 12.778
TNS   : 0.000

Type  : Slow 1100mV 85C Model Setup 'CLOCK_50_B5B'
Slack : 13.914
TNS   : 0.000

Type  : Slow 1100mV 85C Model Setup 'fpga_lpddr2_inst|fpga_lpddr2_inst|pll0|pll7~PLL_OUTPUT_COUNTER|divclk'
Slack : 15.732
TNS   : 0.000

Type  : Slow 1100mV 85C Model Hold 'fpga_lpddr2_inst|fpga_lpddr2_inst|pll0|pll1~PLL_OUTPUT_COUNTER|divclk'
Slack : 0.160
TNS   : 0.000

Type  : Slow 1100mV 85C Model Hold 'altera_reserved_tck'
Slack : 0.172
TNS   : 0.000

Type  : Slow 1100mV 85C Model Hold 'CLOCK_50_B6A'
Slack : 0.250
TNS   : 0.000

Type  : Slow 1100mV 85C Model Hold 'CLOCK_50_B5B'
Slack : 0.254
TNS   : 0.000

Type  : Slow 1100mV 85C Model Hold 'fpga_lpddr2_inst|fpga_lpddr2_inst|pll0|pll7~PLL_OUTPUT_COUNTER|divclk'
Slack : 0.269
TNS   : 0.000

Type  : Slow 1100mV 85C Model Hold 'fpga_lpddr2_inst|fpga_lpddr2_inst|pll0|pll6~PLL_OUTPUT_COUNTER|divclk'
Slack : 0.278
TNS   : 0.000

Type  : Slow 1100mV 85C Model Hold 'pll|hdmi_tx_pll_inst|altera_pll_i|general[1].gpll~PLL_OUTPUT_COUNTER|divclk'
Slack : 0.290
TNS   : 0.000

Type  : Slow 1100mV 85C Model Hold 'pll|hdmi_tx_pll_inst|altera_pll_i|general[0].gpll~PLL_OUTPUT_COUNTER|divclk'
Slack : 0.315
TNS   : 0.000

Type  : Slow 1100mV 85C Model Hold 'fpga_lpddr2_inst|fpga_lpddr2_inst|pll0|pll5~PLL_OUTPUT_COUNTER|divclk'
Slack : 0.385
TNS   : 0.000

Type  : Slow 1100mV 85C Model Hold 'fpga_lpddr2_inst|fpga_lpddr2_inst|pll0|pll6_phy~PLL_OUTPUT_COUNTER|divclk'
Slack : 0.484
TNS   : 0.000

Type  : Slow 1100mV 85C Model Recovery 'pll|hdmi_tx_pll_inst|altera_pll_i|general[0].gpll~PLL_OUTPUT_COUNTER|divclk'
Slack : -7.759
TNS   : -811.144

Type  : Slow 1100mV 85C Model Recovery 'pll|hdmi_tx_pll_inst|altera_pll_i|general[1].gpll~PLL_OUTPUT_COUNTER|divclk'
Slack : -7.342
TNS   : -458.035

Type  : Slow 1100mV 85C Model Recovery 'fpga_lpddr2_inst|fpga_lpddr2_inst|pll0|pll1~PLL_OUTPUT_COUNTER|divclk'
Slack : -5.847
TNS   : -32.180

Type  : Slow 1100mV 85C Model Recovery 'fpga_lpddr2_inst|fpga_lpddr2_inst|pll0|pll5~PLL_OUTPUT_COUNTER|divclk'
Slack : -4.394
TNS   : -123.069

Type  : Slow 1100mV 85C Model Recovery 'fpga_lpddr2_inst|fpga_lpddr2_inst|pll0|pll6~PLL_OUTPUT_COUNTER|divclk'
Slack : -2.779
TNS   : -5.553

Type  : Slow 1100mV 85C Model Recovery 'fpga_lpddr2_inst|fpga_lpddr2_inst|pll0|pll7~PLL_OUTPUT_COUNTER|divclk'
Slack : -1.519
TNS   : -22.747

Type  : Slow 1100mV 85C Model Recovery 'fpga_lpddr2_inst|fpga_lpddr2_inst|pll0|pll6_phy~PLL_OUTPUT_COUNTER|divclk'
Slack : 10.465
TNS   : 0.000

Type  : Slow 1100mV 85C Model Recovery 'altera_reserved_tck'
Slack : 27.981
TNS   : 0.000

Type  : Slow 1100mV 85C Model Removal 'fpga_lpddr2_inst|fpga_lpddr2_inst|pll0|pll6_phy~PLL_OUTPUT_COUNTER|divclk'
Slack : -0.008
TNS   : -0.060

Type  : Slow 1100mV 85C Model Removal 'pll|hdmi_tx_pll_inst|altera_pll_i|general[0].gpll~PLL_OUTPUT_COUNTER|divclk'
Slack : 0.623
TNS   : 0.000

Type  : Slow 1100mV 85C Model Removal 'altera_reserved_tck'
Slack : 0.686
TNS   : 0.000

Type  : Slow 1100mV 85C Model Removal 'pll|hdmi_tx_pll_inst|altera_pll_i|general[1].gpll~PLL_OUTPUT_COUNTER|divclk'
Slack : 0.699
TNS   : 0.000

Type  : Slow 1100mV 85C Model Removal 'fpga_lpddr2_inst|fpga_lpddr2_inst|pll0|pll5~PLL_OUTPUT_COUNTER|divclk'
Slack : 0.724
TNS   : 0.000

Type  : Slow 1100mV 85C Model Removal 'fpga_lpddr2_inst|fpga_lpddr2_inst|pll0|pll7~PLL_OUTPUT_COUNTER|divclk'
Slack : 0.738
TNS   : 0.000

Type  : Slow 1100mV 85C Model Removal 'fpga_lpddr2_inst|fpga_lpddr2_inst|pll0|pll6~PLL_OUTPUT_COUNTER|divclk'
Slack : 0.775
TNS   : 0.000

Type  : Slow 1100mV 85C Model Removal 'fpga_lpddr2_inst|fpga_lpddr2_inst|pll0|pll1~PLL_OUTPUT_COUNTER|divclk'
Slack : 0.928
TNS   : 0.000

Type  : Slow 1100mV 85C Model Minimum Pulse Width 'pll|hdmi_tx_pll_inst|altera_pll_i|general[1].gpll~PLL_OUTPUT_COUNTER|divclk'
Slack : -0.270
TNS   : -97.200

Type  : Slow 1100mV 85C Model Minimum Pulse Width 'fpga_lpddr2_inst|fpga_lpddr2_inst|pll0|pll1~FRACTIONAL_PLL|vcoph[0]'
Slack : 0.757
TNS   : 0.000

Type  : Slow 1100mV 85C Model Minimum Pulse Width 'fpga_lpddr2_inst|fpga_lpddr2_inst|pll0|pll1~PLL_OUTPUT_COUNTER|divclk'
Slack : 0.757
TNS   : 0.000

Type  : Slow 1100mV 85C Model Minimum Pulse Width 'fpga_lpddr2_inst|fpga_lpddr2_inst|pll0|pll3~PLL_OUTPUT_COUNTER|divclk'
Slack : 0.810
TNS   : 0.000

Type  : Slow 1100mV 85C Model Minimum Pulse Width 'pll|hdmi_tx_pll_inst|altera_pll_i|general[0].gpll~FRACTIONAL_PLL|vcoph[0]'
Slack : 0.841
TNS   : 0.000

Type  : Slow 1100mV 85C Model Minimum Pulse Width 'fpga_lpddr2_inst|fpga_lpddr2_inst|fpga_lpddr2_p0_sampling_clock'
Slack : 1.512
TNS   : 0.000

Type  : Slow 1100mV 85C Model Minimum Pulse Width 'pll|hdmi_tx_pll_inst|altera_pll_i|general[0].gpll~PLL_OUTPUT_COUNTER|divclk'
Slack : 1.919
TNS   : 0.000

Type  : Slow 1100mV 85C Model Minimum Pulse Width 'fpga_lpddr2_inst|fpga_lpddr2_inst|pll0|pll5~PLL_OUTPUT_COUNTER|divclk'
Slack : 2.263
TNS   : 0.000

Type  : Slow 1100mV 85C Model Minimum Pulse Width 'fpga_lpddr2_inst|fpga_lpddr2_inst|pll0|pll6~PLL_OUTPUT_COUNTER|divclk'
Slack : 6.172
TNS   : 0.000

Type  : Slow 1100mV 85C Model Minimum Pulse Width 'fpga_lpddr2_inst|fpga_lpddr2_inst|pll0|pll6_phy~PLL_OUTPUT_COUNTER|divclk'
Slack : 7.541
TNS   : 0.000

Type  : Slow 1100mV 85C Model Minimum Pulse Width 'CLOCK_50_B5B'
Slack : 9.036
TNS   : 0.000

Type  : Slow 1100mV 85C Model Minimum Pulse Width 'CLOCK_50_B6A'
Slack : 9.210
TNS   : 0.000

Type  : Slow 1100mV 85C Model Minimum Pulse Width 'altera_reserved_tck'
Slack : 14.812
TNS   : 0.000

Type  : Slow 1100mV 85C Model Minimum Pulse Width 'fpga_lpddr2_inst|fpga_lpddr2_inst|pll0|pll7~PLL_OUTPUT_COUNTER|divclk'
Slack : 21.742
TNS   : 0.000

Type  : Slow 1100mV 0C Model Setup 'pll|hdmi_tx_pll_inst|altera_pll_i|general[1].gpll~PLL_OUTPUT_COUNTER|divclk'
Slack : -8.527
TNS   : -293.708

Type  : Slow 1100mV 0C Model Setup 'pll|hdmi_tx_pll_inst|altera_pll_i|general[0].gpll~PLL_OUTPUT_COUNTER|divclk'
Slack : -7.922
TNS   : -1152.582

Type  : Slow 1100mV 0C Model Setup 'fpga_lpddr2_inst|fpga_lpddr2_inst|pll0|pll5~PLL_OUTPUT_COUNTER|divclk'
Slack : -7.368
TNS   : -30.116

Type  : Slow 1100mV 0C Model Setup 'fpga_lpddr2_inst|fpga_lpddr2_inst|pll0|pll1~PLL_OUTPUT_COUNTER|divclk'
Slack : 0.158
TNS   : 0.000

Type  : Slow 1100mV 0C Model Setup 'fpga_lpddr2_inst|fpga_lpddr2_inst|pll0|pll6_phy~PLL_OUTPUT_COUNTER|divclk'
Slack : 0.571
TNS   : 0.000

Type  : Slow 1100mV 0C Model Setup 'fpga_lpddr2_inst|fpga_lpddr2_inst|pll0|pll6~PLL_OUTPUT_COUNTER|divclk'
Slack : 2.304
TNS   : 0.000

Type  : Slow 1100mV 0C Model Setup 'altera_reserved_tck'
Slack : 9.775
TNS   : 0.000

Type  : Slow 1100mV 0C Model Setup 'CLOCK_50_B6A'
Slack : 13.036
TNS   : 0.000

Type  : Slow 1100mV 0C Model Setup 'CLOCK_50_B5B'
Slack : 13.789
TNS   : 0.000

Type  : Slow 1100mV 0C Model Setup 'fpga_lpddr2_inst|fpga_lpddr2_inst|pll0|pll7~PLL_OUTPUT_COUNTER|divclk'
Slack : 15.496
TNS   : 0.000

Type  : Slow 1100mV 0C Model Hold 'altera_reserved_tck'
Slack : 0.161
TNS   : 0.000

Type  : Slow 1100mV 0C Model Hold 'fpga_lpddr2_inst|fpga_lpddr2_inst|pll0|pll1~PLL_OUTPUT_COUNTER|divclk'
Slack : 0.210
TNS   : 0.000

Type  : Slow 1100mV 0C Model Hold 'CLOCK_50_B6A'
Slack : 0.239
TNS   : 0.000

Type  : Slow 1100mV 0C Model Hold 'CLOCK_50_B5B'
Slack : 0.244
TNS   : 0.000

Type  : Slow 1100mV 0C Model Hold 'fpga_lpddr2_inst|fpga_lpddr2_inst|pll0|pll5~PLL_OUTPUT_COUNTER|divclk'
Slack : 0.246
TNS   : 0.000

Type  : Slow 1100mV 0C Model Hold 'fpga_lpddr2_inst|fpga_lpddr2_inst|pll0|pll7~PLL_OUTPUT_COUNTER|divclk'
Slack : 0.255
TNS   : 0.000

Type  : Slow 1100mV 0C Model Hold 'fpga_lpddr2_inst|fpga_lpddr2_inst|pll0|pll6~PLL_OUTPUT_COUNTER|divclk'
Slack : 0.261
TNS   : 0.000

Type  : Slow 1100mV 0C Model Hold 'pll|hdmi_tx_pll_inst|altera_pll_i|general[0].gpll~PLL_OUTPUT_COUNTER|divclk'
Slack : 0.292
TNS   : 0.000

Type  : Slow 1100mV 0C Model Hold 'pll|hdmi_tx_pll_inst|altera_pll_i|general[1].gpll~PLL_OUTPUT_COUNTER|divclk'
Slack : 0.348
TNS   : 0.000

Type  : Slow 1100mV 0C Model Hold 'fpga_lpddr2_inst|fpga_lpddr2_inst|pll0|pll6_phy~PLL_OUTPUT_COUNTER|divclk'
Slack : 0.502
TNS   : 0.000

Type  : Slow 1100mV 0C Model Recovery 'pll|hdmi_tx_pll_inst|altera_pll_i|general[0].gpll~PLL_OUTPUT_COUNTER|divclk'
Slack : -7.830
TNS   : -813.722

Type  : Slow 1100mV 0C Model Recovery 'pll|hdmi_tx_pll_inst|altera_pll_i|general[1].gpll~PLL_OUTPUT_COUNTER|divclk'
Slack : -7.352
TNS   : -457.778

Type  : Slow 1100mV 0C Model Recovery 'fpga_lpddr2_inst|fpga_lpddr2_inst|pll0|pll1~PLL_OUTPUT_COUNTER|divclk'
Slack : -5.506
TNS   : -30.162

Type  : Slow 1100mV 0C Model Recovery 'fpga_lpddr2_inst|fpga_lpddr2_inst|pll0|pll5~PLL_OUTPUT_COUNTER|divclk'
Slack : -4.078
TNS   : -114.366

Type  : Slow 1100mV 0C Model Recovery 'fpga_lpddr2_inst|fpga_lpddr2_inst|pll0|pll6~PLL_OUTPUT_COUNTER|divclk'
Slack : -2.566
TNS   : -5.126

Type  : Slow 1100mV 0C Model Recovery 'fpga_lpddr2_inst|fpga_lpddr2_inst|pll0|pll7~PLL_OUTPUT_COUNTER|divclk'
Slack : -1.315
TNS   : -19.677

Type  : Slow 1100mV 0C Model Recovery 'fpga_lpddr2_inst|fpga_lpddr2_inst|pll0|pll6_phy~PLL_OUTPUT_COUNTER|divclk'
Slack : 10.744
TNS   : 0.000

Type  : Slow 1100mV 0C Model Recovery 'altera_reserved_tck'
Slack : 28.215
TNS   : 0.000

Type  : Slow 1100mV 0C Model Removal 'fpga_lpddr2_inst|fpga_lpddr2_inst|pll0|pll6_phy~PLL_OUTPUT_COUNTER|divclk'
Slack : 0.048
TNS   : 0.000

Type  : Slow 1100mV 0C Model Removal 'fpga_lpddr2_inst|fpga_lpddr2_inst|pll0|pll5~PLL_OUTPUT_COUNTER|divclk'
Slack : 0.441
TNS   : 0.000

Type  : Slow 1100mV 0C Model Removal 'fpga_lpddr2_inst|fpga_lpddr2_inst|pll0|pll1~PLL_OUTPUT_COUNTER|divclk'
Slack : 0.524
TNS   : 0.000

Type  : Slow 1100mV 0C Model Removal 'fpga_lpddr2_inst|fpga_lpddr2_inst|pll0|pll7~PLL_OUTPUT_COUNTER|divclk'
Slack : 0.607
TNS   : 0.000

Type  : Slow 1100mV 0C Model Removal 'fpga_lpddr2_inst|fpga_lpddr2_inst|pll0|pll6~PLL_OUTPUT_COUNTER|divclk'
Slack : 0.638
TNS   : 0.000

Type  : Slow 1100mV 0C Model Removal 'pll|hdmi_tx_pll_inst|altera_pll_i|general[1].gpll~PLL_OUTPUT_COUNTER|divclk'
Slack : 0.639
TNS   : 0.000

Type  : Slow 1100mV 0C Model Removal 'altera_reserved_tck'
Slack : 0.661
TNS   : 0.000

Type  : Slow 1100mV 0C Model Removal 'pll|hdmi_tx_pll_inst|altera_pll_i|general[0].gpll~PLL_OUTPUT_COUNTER|divclk'
Slack : 0.761
TNS   : 0.000

Type  : Slow 1100mV 0C Model Minimum Pulse Width 'pll|hdmi_tx_pll_inst|altera_pll_i|general[1].gpll~PLL_OUTPUT_COUNTER|divclk'
Slack : -0.270
TNS   : -97.200

Type  : Slow 1100mV 0C Model Minimum Pulse Width 'fpga_lpddr2_inst|fpga_lpddr2_inst|pll0|pll1~PLL_OUTPUT_COUNTER|divclk'
Slack : 0.689
TNS   : 0.000

Type  : Slow 1100mV 0C Model Minimum Pulse Width 'fpga_lpddr2_inst|fpga_lpddr2_inst|pll0|pll1~FRACTIONAL_PLL|vcoph[0]'
Slack : 0.757
TNS   : 0.000

Type  : Slow 1100mV 0C Model Minimum Pulse Width 'fpga_lpddr2_inst|fpga_lpddr2_inst|pll0|pll3~PLL_OUTPUT_COUNTER|divclk'
Slack : 0.818
TNS   : 0.000

Type  : Slow 1100mV 0C Model Minimum Pulse Width 'pll|hdmi_tx_pll_inst|altera_pll_i|general[0].gpll~FRACTIONAL_PLL|vcoph[0]'
Slack : 0.841
TNS   : 0.000

Type  : Slow 1100mV 0C Model Minimum Pulse Width 'fpga_lpddr2_inst|fpga_lpddr2_inst|fpga_lpddr2_p0_sampling_clock'
Slack : 1.510
TNS   : 0.000

Type  : Slow 1100mV 0C Model Minimum Pulse Width 'pll|hdmi_tx_pll_inst|altera_pll_i|general[0].gpll~PLL_OUTPUT_COUNTER|divclk'
Slack : 1.872
TNS   : 0.000

Type  : Slow 1100mV 0C Model Minimum Pulse Width 'fpga_lpddr2_inst|fpga_lpddr2_inst|pll0|pll5~PLL_OUTPUT_COUNTER|divclk'
Slack : 2.170
TNS   : 0.000

Type  : Slow 1100mV 0C Model Minimum Pulse Width 'fpga_lpddr2_inst|fpga_lpddr2_inst|pll0|pll6~PLL_OUTPUT_COUNTER|divclk'
Slack : 6.128
TNS   : 0.000

Type  : Slow 1100mV 0C Model Minimum Pulse Width 'fpga_lpddr2_inst|fpga_lpddr2_inst|pll0|pll6_phy~PLL_OUTPUT_COUNTER|divclk'
Slack : 7.543
TNS   : 0.000

Type  : Slow 1100mV 0C Model Minimum Pulse Width 'CLOCK_50_B5B'
Slack : 9.032
TNS   : 0.000

Type  : Slow 1100mV 0C Model Minimum Pulse Width 'CLOCK_50_B6A'
Slack : 9.308
TNS   : 0.000

Type  : Slow 1100mV 0C Model Minimum Pulse Width 'altera_reserved_tck'
Slack : 14.808
TNS   : 0.000

Type  : Slow 1100mV 0C Model Minimum Pulse Width 'fpga_lpddr2_inst|fpga_lpddr2_inst|pll0|pll7~PLL_OUTPUT_COUNTER|divclk'
Slack : 21.740
TNS   : 0.000

Type  : Fast 1100mV 85C Model Setup 'pll|hdmi_tx_pll_inst|altera_pll_i|general[1].gpll~PLL_OUTPUT_COUNTER|divclk'
Slack : -4.792
TNS   : -108.102

Type  : Fast 1100mV 85C Model Setup 'pll|hdmi_tx_pll_inst|altera_pll_i|general[0].gpll~PLL_OUTPUT_COUNTER|divclk'
Slack : -4.247
TNS   : -446.248

Type  : Fast 1100mV 85C Model Setup 'fpga_lpddr2_inst|fpga_lpddr2_inst|pll0|pll5~PLL_OUTPUT_COUNTER|divclk'
Slack : -4.002
TNS   : -17.663

Type  : Fast 1100mV 85C Model Setup 'fpga_lpddr2_inst|fpga_lpddr2_inst|pll0|pll1~PLL_OUTPUT_COUNTER|divclk'
Slack : 1.375
TNS   : 0.000

Type  : Fast 1100mV 85C Model Setup 'fpga_lpddr2_inst|fpga_lpddr2_inst|pll0|pll6_phy~PLL_OUTPUT_COUNTER|divclk'
Slack : 1.529
TNS   : 0.000

Type  : Fast 1100mV 85C Model Setup 'fpga_lpddr2_inst|fpga_lpddr2_inst|pll0|pll6~PLL_OUTPUT_COUNTER|divclk'
Slack : 8.362
TNS   : 0.000

Type  : Fast 1100mV 85C Model Setup 'altera_reserved_tck'
Slack : 13.344
TNS   : 0.000

Type  : Fast 1100mV 85C Model Setup 'CLOCK_50_B6A'
Slack : 16.018
TNS   : 0.000

Type  : Fast 1100mV 85C Model Setup 'CLOCK_50_B5B'
Slack : 17.004
TNS   : 0.000

Type  : Fast 1100mV 85C Model Setup 'fpga_lpddr2_inst|fpga_lpddr2_inst|pll0|pll7~PLL_OUTPUT_COUNTER|divclk'
Slack : 19.261
TNS   : 0.000

Type  : Fast 1100mV 85C Model Hold 'altera_reserved_tck'
Slack : 0.030
TNS   : 0.000

Type  : Fast 1100mV 85C Model Hold 'CLOCK_50_B6A'
Slack : 0.129
TNS   : 0.000

Type  : Fast 1100mV 85C Model Hold 'CLOCK_50_B5B'
Slack : 0.132
TNS   : 0.000

Type  : Fast 1100mV 85C Model Hold 'fpga_lpddr2_inst|fpga_lpddr2_inst|pll0|pll7~PLL_OUTPUT_COUNTER|divclk'
Slack : 0.140
TNS   : 0.000

Type  : Fast 1100mV 85C Model Hold 'fpga_lpddr2_inst|fpga_lpddr2_inst|pll0|pll6~PLL_OUTPUT_COUNTER|divclk'
Slack : 0.145
TNS   : 0.000

Type  : Fast 1100mV 85C Model Hold 'pll|hdmi_tx_pll_inst|altera_pll_i|general[0].gpll~PLL_OUTPUT_COUNTER|divclk'
Slack : 0.159
TNS   : 0.000

Type  : Fast 1100mV 85C Model Hold 'fpga_lpddr2_inst|fpga_lpddr2_inst|pll0|pll5~PLL_OUTPUT_COUNTER|divclk'
Slack : 0.180
TNS   : 0.000

Type  : Fast 1100mV 85C Model Hold 'pll|hdmi_tx_pll_inst|altera_pll_i|general[1].gpll~PLL_OUTPUT_COUNTER|divclk'
Slack : 0.180
TNS   : 0.000

Type  : Fast 1100mV 85C Model Hold 'fpga_lpddr2_inst|fpga_lpddr2_inst|pll0|pll1~PLL_OUTPUT_COUNTER|divclk'
Slack : 0.183
TNS   : 0.000

Type  : Fast 1100mV 85C Model Hold 'fpga_lpddr2_inst|fpga_lpddr2_inst|pll0|pll6_phy~PLL_OUTPUT_COUNTER|divclk'
Slack : 0.393
TNS   : 0.000

Type  : Fast 1100mV 85C Model Recovery 'pll|hdmi_tx_pll_inst|altera_pll_i|general[0].gpll~PLL_OUTPUT_COUNTER|divclk'
Slack : -3.907
TNS   : -386.697

Type  : Fast 1100mV 85C Model Recovery 'pll|hdmi_tx_pll_inst|altera_pll_i|general[1].gpll~PLL_OUTPUT_COUNTER|divclk'
Slack : -3.658
TNS   : -225.612

Type  : Fast 1100mV 85C Model Recovery 'fpga_lpddr2_inst|fpga_lpddr2_inst|pll0|pll1~PLL_OUTPUT_COUNTER|divclk'
Slack : -3.237
TNS   : -17.482

Type  : Fast 1100mV 85C Model Recovery 'fpga_lpddr2_inst|fpga_lpddr2_inst|pll0|pll5~PLL_OUTPUT_COUNTER|divclk'
Slack : -2.518
TNS   : -69.231

Type  : Fast 1100mV 85C Model Recovery 'fpga_lpddr2_inst|fpga_lpddr2_inst|pll0|pll6~PLL_OUTPUT_COUNTER|divclk'
Slack : -1.694
TNS   : -3.386

Type  : Fast 1100mV 85C Model Recovery 'fpga_lpddr2_inst|fpga_lpddr2_inst|pll0|pll7~PLL_OUTPUT_COUNTER|divclk'
Slack : -0.367
TNS   : -5.497

Type  : Fast 1100mV 85C Model Recovery 'fpga_lpddr2_inst|fpga_lpddr2_inst|pll0|pll6_phy~PLL_OUTPUT_COUNTER|divclk'
Slack : 12.711
TNS   : 0.000

Type  : Fast 1100mV 85C Model Recovery 'altera_reserved_tck'
Slack : 29.838
TNS   : 0.000

Type  : Fast 1100mV 85C Model Removal 'altera_reserved_tck'
Slack : 0.176
TNS   : 0.000

Type  : Fast 1100mV 85C Model Removal 'fpga_lpddr2_inst|fpga_lpddr2_inst|pll0|pll6_phy~PLL_OUTPUT_COUNTER|divclk'
Slack : 0.277
TNS   : 0.000

Type  : Fast 1100mV 85C Model Removal 'pll|hdmi_tx_pll_inst|altera_pll_i|general[1].gpll~PLL_OUTPUT_COUNTER|divclk'
Slack : 0.308
TNS   : 0.000

Type  : Fast 1100mV 85C Model Removal 'pll|hdmi_tx_pll_inst|altera_pll_i|general[0].gpll~PLL_OUTPUT_COUNTER|divclk'
Slack : 0.360
TNS   : 0.000

Type  : Fast 1100mV 85C Model Removal 'fpga_lpddr2_inst|fpga_lpddr2_inst|pll0|pll1~PLL_OUTPUT_COUNTER|divclk'
Slack : 0.410
TNS   : 0.000

Type  : Fast 1100mV 85C Model Removal 'fpga_lpddr2_inst|fpga_lpddr2_inst|pll0|pll5~PLL_OUTPUT_COUNTER|divclk'
Slack : 0.522
TNS   : 0.000

Type  : Fast 1100mV 85C Model Removal 'fpga_lpddr2_inst|fpga_lpddr2_inst|pll0|pll7~PLL_OUTPUT_COUNTER|divclk'
Slack : 0.537
TNS   : 0.000

Type  : Fast 1100mV 85C Model Removal 'fpga_lpddr2_inst|fpga_lpddr2_inst|pll0|pll6~PLL_OUTPUT_COUNTER|divclk'
Slack : 0.544
TNS   : 0.000

Type  : Fast 1100mV 85C Model Minimum Pulse Width 'pll|hdmi_tx_pll_inst|altera_pll_i|general[1].gpll~PLL_OUTPUT_COUNTER|divclk'
Slack : 0.192
TNS   : 0.000

Type  : Fast 1100mV 85C Model Minimum Pulse Width 'fpga_lpddr2_inst|fpga_lpddr2_inst|pll0|pll1~FRACTIONAL_PLL|vcoph[0]'
Slack : 0.757
TNS   : 0.000

Type  : Fast 1100mV 85C Model Minimum Pulse Width 'pll|hdmi_tx_pll_inst|altera_pll_i|general[0].gpll~FRACTIONAL_PLL|vcoph[0]'
Slack : 0.841
TNS   : 0.000

Type  : Fast 1100mV 85C Model Minimum Pulse Width 'fpga_lpddr2_inst|fpga_lpddr2_inst|pll0|pll1~PLL_OUTPUT_COUNTER|divclk'
Slack : 1.070
TNS   : 0.000

Type  : Fast 1100mV 85C Model Minimum Pulse Width 'fpga_lpddr2_inst|fpga_lpddr2_inst|pll0|pll3~PLL_OUTPUT_COUNTER|divclk'
Slack : 1.149
TNS   : 0.000

Type  : Fast 1100mV 85C Model Minimum Pulse Width 'fpga_lpddr2_inst|fpga_lpddr2_inst|fpga_lpddr2_p0_sampling_clock'
Slack : 1.514
TNS   : 0.000

Type  : Fast 1100mV 85C Model Minimum Pulse Width 'pll|hdmi_tx_pll_inst|altera_pll_i|general[0].gpll~PLL_OUTPUT_COUNTER|divclk'
Slack : 2.236
TNS   : 0.000

Type  : Fast 1100mV 85C Model Minimum Pulse Width 'fpga_lpddr2_inst|fpga_lpddr2_inst|pll0|pll5~PLL_OUTPUT_COUNTER|divclk'
Slack : 2.569
TNS   : 0.000

Type  : Fast 1100mV 85C Model Minimum Pulse Width 'fpga_lpddr2_inst|fpga_lpddr2_inst|pll0|pll6~PLL_OUTPUT_COUNTER|divclk'
Slack : 6.483
TNS   : 0.000

Type  : Fast 1100mV 85C Model Minimum Pulse Width 'fpga_lpddr2_inst|fpga_lpddr2_inst|pll0|pll6_phy~PLL_OUTPUT_COUNTER|divclk'
Slack : 7.559
TNS   : 0.000

Type  : Fast 1100mV 85C Model Minimum Pulse Width 'CLOCK_50_B5B'
Slack : 8.865
TNS   : 0.000

Type  : Fast 1100mV 85C Model Minimum Pulse Width 'CLOCK_50_B6A'
Slack : 9.091
TNS   : 0.000

Type  : Fast 1100mV 85C Model Minimum Pulse Width 'altera_reserved_tck'
Slack : 14.609
TNS   : 0.000

Type  : Fast 1100mV 85C Model Minimum Pulse Width 'fpga_lpddr2_inst|fpga_lpddr2_inst|pll0|pll7~PLL_OUTPUT_COUNTER|divclk'
Slack : 22.264
TNS   : 0.000

Type  : Fast 1100mV 0C Model Setup 'pll|hdmi_tx_pll_inst|altera_pll_i|general[1].gpll~PLL_OUTPUT_COUNTER|divclk'
Slack : -4.442
TNS   : -103.912

Type  : Fast 1100mV 0C Model Setup 'pll|hdmi_tx_pll_inst|altera_pll_i|general[0].gpll~PLL_OUTPUT_COUNTER|divclk'
Slack : -3.937
TNS   : -418.494

Type  : Fast 1100mV 0C Model Setup 'fpga_lpddr2_inst|fpga_lpddr2_inst|pll0|pll5~PLL_OUTPUT_COUNTER|divclk'
Slack : -3.446
TNS   : -14.582

Type  : Fast 1100mV 0C Model Setup 'fpga_lpddr2_inst|fpga_lpddr2_inst|pll0|pll1~PLL_OUTPUT_COUNTER|divclk'
Slack : 1.461
TNS   : 0.000

Type  : Fast 1100mV 0C Model Setup 'fpga_lpddr2_inst|fpga_lpddr2_inst|pll0|pll6_phy~PLL_OUTPUT_COUNTER|divclk'
Slack : 1.677
TNS   : 0.000

Type  : Fast 1100mV 0C Model Setup 'fpga_lpddr2_inst|fpga_lpddr2_inst|pll0|pll6~PLL_OUTPUT_COUNTER|divclk'
Slack : 8.965
TNS   : 0.000

Type  : Fast 1100mV 0C Model Setup 'altera_reserved_tck'
Slack : 13.767
TNS   : 0.000

Type  : Fast 1100mV 0C Model Setup 'CLOCK_50_B6A'
Slack : 16.509
TNS   : 0.000

Type  : Fast 1100mV 0C Model Setup 'CLOCK_50_B5B'
Slack : 17.262
TNS   : 0.000

Type  : Fast 1100mV 0C Model Setup 'fpga_lpddr2_inst|fpga_lpddr2_inst|pll0|pll7~PLL_OUTPUT_COUNTER|divclk'
Slack : 19.516
TNS   : 0.000

Type  : Fast 1100mV 0C Model Hold 'altera_reserved_tck'
Slack : 0.019
TNS   : 0.000

Type  : Fast 1100mV 0C Model Hold 'CLOCK_50_B5B'
Slack : 0.119
TNS   : 0.000

Type  : Fast 1100mV 0C Model Hold 'CLOCK_50_B6A'
Slack : 0.119
TNS   : 0.000

Type  : Fast 1100mV 0C Model Hold 'fpga_lpddr2_inst|fpga_lpddr2_inst|pll0|pll7~PLL_OUTPUT_COUNTER|divclk'
Slack : 0.125
TNS   : 0.000

Type  : Fast 1100mV 0C Model Hold 'pll|hdmi_tx_pll_inst|altera_pll_i|general[0].gpll~PLL_OUTPUT_COUNTER|divclk'
Slack : 0.126
TNS   : 0.000

Type  : Fast 1100mV 0C Model Hold 'fpga_lpddr2_inst|fpga_lpddr2_inst|pll0|pll6~PLL_OUTPUT_COUNTER|divclk'
Slack : 0.130
TNS   : 0.000

Type  : Fast 1100mV 0C Model Hold 'fpga_lpddr2_inst|fpga_lpddr2_inst|pll0|pll5~PLL_OUTPUT_COUNTER|divclk'
Slack : 0.139
TNS   : 0.000

Type  : Fast 1100mV 0C Model Hold 'pll|hdmi_tx_pll_inst|altera_pll_i|general[1].gpll~PLL_OUTPUT_COUNTER|divclk'
Slack : 0.171
TNS   : 0.000

Type  : Fast 1100mV 0C Model Hold 'fpga_lpddr2_inst|fpga_lpddr2_inst|pll0|pll1~PLL_OUTPUT_COUNTER|divclk'
Slack : 0.175
TNS   : 0.000

Type  : Fast 1100mV 0C Model Hold 'fpga_lpddr2_inst|fpga_lpddr2_inst|pll0|pll6_phy~PLL_OUTPUT_COUNTER|divclk'
Slack : 0.337
TNS   : 0.000

Type  : Fast 1100mV 0C Model Recovery 'pll|hdmi_tx_pll_inst|altera_pll_i|general[0].gpll~PLL_OUTPUT_COUNTER|divclk'
Slack : -3.687
TNS   : -366.920

Type  : Fast 1100mV 0C Model Recovery 'pll|hdmi_tx_pll_inst|altera_pll_i|general[1].gpll~PLL_OUTPUT_COUNTER|divclk'
Slack : -3.524
TNS   : -217.875

Type  : Fast 1100mV 0C Model Recovery 'fpga_lpddr2_inst|fpga_lpddr2_inst|pll0|pll1~PLL_OUTPUT_COUNTER|divclk'
Slack : -2.815
TNS   : -14.943

Type  : Fast 1100mV 0C Model Recovery 'fpga_lpddr2_inst|fpga_lpddr2_inst|pll0|pll5~PLL_OUTPUT_COUNTER|divclk'
Slack : -2.057
TNS   : -54.800

Type  : Fast 1100mV 0C Model Recovery 'fpga_lpddr2_inst|fpga_lpddr2_inst|pll0|pll6~PLL_OUTPUT_COUNTER|divclk'
Slack : -1.354
TNS   : -2.706

Type  : Fast 1100mV 0C Model Recovery 'fpga_lpddr2_inst|fpga_lpddr2_inst|pll0|pll7~PLL_OUTPUT_COUNTER|divclk'
Slack : -0.033
TNS   : -0.487

Type  : Fast 1100mV 0C Model Recovery 'fpga_lpddr2_inst|fpga_lpddr2_inst|pll0|pll6_phy~PLL_OUTPUT_COUNTER|divclk'
Slack : 12.883
TNS   : 0.000

Type  : Fast 1100mV 0C Model Recovery 'altera_reserved_tck'
Slack : 30.237
TNS   : 0.000

Type  : Fast 1100mV 0C Model Removal 'fpga_lpddr2_inst|fpga_lpddr2_inst|pll0|pll1~PLL_OUTPUT_COUNTER|divclk'
Slack : 0.122
TNS   : 0.000

Type  : Fast 1100mV 0C Model Removal 'altera_reserved_tck'
Slack : 0.160
TNS   : 0.000

Type  : Fast 1100mV 0C Model Removal 'fpga_lpddr2_inst|fpga_lpddr2_inst|pll0|pll6_phy~PLL_OUTPUT_COUNTER|divclk'
Slack : 0.272
TNS   : 0.000

Type  : Fast 1100mV 0C Model Removal 'pll|hdmi_tx_pll_inst|altera_pll_i|general[1].gpll~PLL_OUTPUT_COUNTER|divclk'
Slack : 0.275
TNS   : 0.000

Type  : Fast 1100mV 0C Model Removal 'fpga_lpddr2_inst|fpga_lpddr2_inst|pll0|pll5~PLL_OUTPUT_COUNTER|divclk'
Slack : 0.276
TNS   : 0.000

Type  : Fast 1100mV 0C Model Removal 'pll|hdmi_tx_pll_inst|altera_pll_i|general[0].gpll~PLL_OUTPUT_COUNTER|divclk'
Slack : 0.329
TNS   : 0.000

Type  : Fast 1100mV 0C Model Removal 'fpga_lpddr2_inst|fpga_lpddr2_inst|pll0|pll7~PLL_OUTPUT_COUNTER|divclk'
Slack : 0.338
TNS   : 0.000

Type  : Fast 1100mV 0C Model Removal 'fpga_lpddr2_inst|fpga_lpddr2_inst|pll0|pll6~PLL_OUTPUT_COUNTER|divclk'
Slack : 0.440
TNS   : 0.000

Type  : Fast 1100mV 0C Model Minimum Pulse Width 'pll|hdmi_tx_pll_inst|altera_pll_i|general[1].gpll~PLL_OUTPUT_COUNTER|divclk'
Slack : 0.192
TNS   : 0.000

Type  : Fast 1100mV 0C Model Minimum Pulse Width 'fpga_lpddr2_inst|fpga_lpddr2_inst|pll0|pll1~FRACTIONAL_PLL|vcoph[0]'
Slack : 0.757
TNS   : 0.000

Type  : Fast 1100mV 0C Model Minimum Pulse Width 'pll|hdmi_tx_pll_inst|altera_pll_i|general[0].gpll~FRACTIONAL_PLL|vcoph[0]'
Slack : 0.841
TNS   : 0.000

Type  : Fast 1100mV 0C Model Minimum Pulse Width 'fpga_lpddr2_inst|fpga_lpddr2_inst|pll0|pll1~PLL_OUTPUT_COUNTER|divclk'
Slack : 1.066
TNS   : 0.000

Type  : Fast 1100mV 0C Model Minimum Pulse Width 'fpga_lpddr2_inst|fpga_lpddr2_inst|pll0|pll3~PLL_OUTPUT_COUNTER|divclk'
Slack : 1.147
TNS   : 0.000

Type  : Fast 1100mV 0C Model Minimum Pulse Width 'fpga_lpddr2_inst|fpga_lpddr2_inst|fpga_lpddr2_p0_sampling_clock'
Slack : 1.513
TNS   : 0.000

Type  : Fast 1100mV 0C Model Minimum Pulse Width 'pll|hdmi_tx_pll_inst|altera_pll_i|general[0].gpll~PLL_OUTPUT_COUNTER|divclk'
Slack : 2.240
TNS   : 0.000

Type  : Fast 1100mV 0C Model Minimum Pulse Width 'fpga_lpddr2_inst|fpga_lpddr2_inst|pll0|pll5~PLL_OUTPUT_COUNTER|divclk'
Slack : 2.564
TNS   : 0.000

Type  : Fast 1100mV 0C Model Minimum Pulse Width 'fpga_lpddr2_inst|fpga_lpddr2_inst|pll0|pll6~PLL_OUTPUT_COUNTER|divclk'
Slack : 6.480
TNS   : 0.000

Type  : Fast 1100mV 0C Model Minimum Pulse Width 'fpga_lpddr2_inst|fpga_lpddr2_inst|pll0|pll6_phy~PLL_OUTPUT_COUNTER|divclk'
Slack : 7.558
TNS   : 0.000

Type  : Fast 1100mV 0C Model Minimum Pulse Width 'CLOCK_50_B5B'
Slack : 8.808
TNS   : 0.000

Type  : Fast 1100mV 0C Model Minimum Pulse Width 'CLOCK_50_B6A'
Slack : 9.057
TNS   : 0.000

Type  : Fast 1100mV 0C Model Minimum Pulse Width 'altera_reserved_tck'
Slack : 14.653
TNS   : 0.000

Type  : Fast 1100mV 0C Model Minimum Pulse Width 'fpga_lpddr2_inst|fpga_lpddr2_inst|pll0|pll7~PLL_OUTPUT_COUNTER|divclk'
Slack : 22.267
TNS   : 0.000

------------------------------------------------------------
Info: see the "DDR report" for DDR timing results
------------------------------------------------------------
------------------------------------------------------------
